// Jest Snapshot v1, https://goo.gl/fbAQLP

exports[`Breadcrumbs renders Breadcrumbs component correctly 1`] = `
<Breadcrumbs
  classes={
    Object {
      "breadcrumbs": "Breadcrumbs-breadcrumbs-1",
    }
  }
>
  <div>
    Test
  </div>
</Breadcrumbs>
`;
