// Jest Snapshot v1, https://goo.gl/fbAQLP

exports[`TabSwitcher renders TabSwitcher component correctly 1`] = `
<ContextConsumer>
  <Component />
</ContextConsumer>
`;
