// Jest Snapshot v1, https://goo.gl/fbAQLP

exports[`LoginModalContainer renders LoginModalContainer component correctly 1`] = `undefined`;
